PageAction: goto "https://the-internet.herokuapp.com/basic_auth"
WebElement[visible text after authorization]: get text content
WebElement[visible text after authorization]: text content = "Congratulations! You must have the proper credentials."
PageAction: goto "https://the-internet.herokuapp.com/javascript_alerts"
PageAction: accept dialog
PageAction: expect dialog
WebElement[Button "Click for JS Alert"]: click
PageAction: dialog "alert" with message "I am a JS Alert"
WebElement[Result text]: get text content
WebElement[Result text]: text content = "You successfully clicked an alert"
PageAction: accept dialog
PageAction: expect dialog
WebElement[Button "Click for JS Confirm"]: click
PageAction: dialog "confirm" with message "I am a JS Confirm"
WebElement[Result text]: get text content
WebElement[Result text]: text content = "You clicked: Ok"
PageAction: accept prompt
PageAction: expect dialog
WebElement[Button "Click for JS Prompt"]: click
PageAction: dialog "prompt" with message "I am a JS prompt"
WebElement[Result text]: get text content
WebElement[Result text]: text content = "You entered: Let enjoy key could lawyer."
PageAction: goto "https://the-internet.herokuapp.com/context_menu"
PageAction: accept dialog
PageAction: expect dialog
WebElement[area within]: right_click
PageAction: dialog "alert" with message "You selected a context menu"
PageAction: goto "https://the-internet.herokuapp.com/horizontal_slider"
WebElement[slider]: focus
PageAction: keyboard press "ArrowRight"
PageAction: keyboard press "ArrowRight"
PageAction: keyboard press "ArrowRight"
PageAction: keyboard press "ArrowRight"
PageAction: keyboard press "ArrowRight"
PageAction: keyboard press "ArrowRight"
PageAction: keyboard press "ArrowRight"
WebElement[slider number]: get text content
WebElement[slider number]: text content = "3.5"
PageAction: goto "https://the-internet.herokuapp.com/hovers"
WebElement[elements user img[0]]: hover
WebElement[some text[0]]: get text content
WebElement[some text[0]]: text content = "name: user1"
WebElement[elements user img[1]]: hover
WebElement[some text[1]]: get text content
WebElement[some text[1]]: text content = "name: user2"
WebElement[elements user img[2]]: hover
WebElement[some text[2]]: get text content
WebElement[some text[2]]: text content = "name: user3"
PageAction: goto "https://the-internet.herokuapp.com/windows"
PageAction: expect new page
WebElement[link "Click here"]: click
WebElement[example text]: get text content
WebElement[example text]: text content = "New Window"
PageAction: expect new page
WebElement[link "Click here"]: click
WebElement[example text]: get text content
WebElement[example text]: text content = "New Window"
PageAction: close page
PageAction: close page
PageAction: goto "https://the-internet.herokuapp.com/nested_frames"
WebElement[locator-frame_top_left-body]: get text content
WebElement[locator-frame_top_left-body]: text content = "LEFT"
WebElement[locator-frame_top_right-body]: get text content
WebElement[locator-frame_top_right-body]: text content = "RIGHT"
WebElement[locator-frame_bottom-body]: get text content
WebElement[locator-frame_bottom-body]: text content = "BOTTOM"
WebElement[locator-frame_top_middle-body]: get text content
WebElement[locator-frame_top_middle-body]: text content = "MIDDLE"
PageAction: goto "https://the-internet.herokuapp.com/dynamic_content"
PageAction: goto "https://the-internet.herokuapp.com/infinite_scroll"
PageAction: ScrollTo
PageAction: ScrollTo
PageAction: ScrollTo
PageAction: ScrollTo
PageAction: ScrollTo
PageAction: ScrollTo
PageAction: ScrollTo
PageAction: ScrollTo
PageAction: ScrollTo
PageAction: ScrollTo
PageAction: ScrollTo
PageAction: ScrollTo
PageAction: ScrollTo
PageAction: ScrollTo
PageAction: ScrollTo
PageAction: ScrollTo
PageAction: ScrollTo
PageAction: ScrollTo
PageAction: ScrollTo
PageAction: ScrollTo
PageAction: ScrollTo
PageAction: ScrollTo
PageAction: ScrollTo
PageAction: ScrollTo
PageAction: ScrollTo
PageAction: ScrollTo
PageAction: ScrollTo
PageAction: ScrollTo
PageAction: ScrollTo
PageAction: ScrollTo
PageAction: ScrollTo
PageAction: ScrollTo
PageAction: ScrollTo
PageAction: ScrollTo
PageAction: ScrollTo
PageAction: ScrollTo
PageAction: ScrollTo
PageAction: ScrollTo
PageAction: ScrollTo
PageAction: ScrollTo
PageAction: ScrollTo
PageAction: ScrollTo
PageAction: ScrollTo
PageAction: ScrollTo
PageAction: ScrollTo
PageAction: ScrollTo
PageAction: ScrollTo
PageAction: ScrollTo
PageAction: ScrollTo
PageAction: ScrollTo
PageAction: ScrollTo
PageAction: ScrollTo
PageAction: ScrollTo
PageAction: ScrollTo
PageAction: ScrollTo
PageAction: ScrollTo
PageAction: ScrollTo
PageAction: ScrollTo
PageAction: ScrollTo
PageAction: ScrollTo
PageAction: ScrollTo
PageAction: ScrollTo
PageAction: ScrollTo
PageAction: ScrollTo
PageAction: ScrollTo
PageAction: ScrollTo
PageAction: ScrollTo
PageAction: ScrollTo
PageAction: ScrollTo
PageAction: ScrollTo
PageAction: ScrollTo
PageAction: ScrollTo
PageAction: ScrollTo
PageAction: ScrollTo
PageAction: ScrollTo
PageAction: ScrollTo
PageAction: ScrollTo
PageAction: ScrollTo
PageAction: ScrollTo
PageAction: ScrollTo
PageAction: ScrollTo
PageAction: ScrollTo
PageAction: ScrollTo
PageAction: ScrollTo
PageAction: ScrollTo
PageAction: ScrollTo
PageAction: ScrollTo
PageAction: ScrollTo
PageAction: ScrollTo
PageAction: ScrollTo
PageAction: ScrollTo
PageAction: ScrollTo
PageAction: ScrollTo
PageAction: ScrollTo
PageAction: ScrollTo
PageAction: ScrollTo
PageAction: ScrollTo
PageAction: ScrollTo
PageAction: ScrollTo
PageAction: ScrollTo
PageAction: ScrollTo
PageAction: ScrollTo
PageAction: ScrollTo
PageAction: ScrollTo
PageAction: ScrollTo
PageAction: ScrollTo
PageAction: ScrollTo
PageAction: ScrollTo
PageAction: ScrollTo
PageAction: ScrollTo
PageAction: ScrollTo
PageAction: ScrollTo
PageAction: ScrollTo
PageAction: ScrollTo
PageAction: ScrollTo
PageAction: ScrollTo
PageAction: ScrollTo
PageAction: ScrollTo
PageAction: ScrollTo
PageAction: ScrollTo
PageAction: ScrollTo
PageAction: ScrollTo
PageAction: ScrollTo
PageAction: ScrollTo
PageAction: ScrollTo
PageAction: ScrollTo
PageAction: ScrollTo
PageAction: ScrollTo
PageAction: ScrollTo
PageAction: ScrollTo
PageAction: ScrollTo
PageAction: ScrollTo
PageAction: ScrollTo
PageAction: ScrollTo
PageAction: ScrollTo
PageAction: ScrollTo
PageAction: ScrollTo
PageAction: ScrollTo
PageAction: ScrollTo
PageAction: ScrollTo
PageAction: ScrollTo
PageAction: ScrollTo
PageAction: ScrollTo
PageAction: ScrollTo
PageAction: ScrollTo
PageAction: ScrollTo
PageAction: ScrollTo
PageAction: ScrollTo
PageAction: ScrollTo
PageAction: ScrollTo
PageAction: ScrollTo
PageAction: ScrollTo
PageAction: ScrollTo
PageAction: ScrollTo
PageAction: ScrollTo
PageAction: ScrollTo
PageAction: ScrollTo
PageAction: ScrollTo
PageAction: ScrollTo
PageAction: ScrollTo
PageAction: ScrollTo
PageAction: ScrollTo
PageAction: ScrollTo
PageAction: ScrollTo
PageAction: ScrollTo
PageAction: ScrollTo
PageAction: ScrollTo
PageAction: ScrollTo
PageAction: ScrollTo
PageAction: ScrollTo
PageAction: ScrollTo
PageAction: ScrollTo
PageAction: ScrollTo
PageAction: ScrollTo
PageAction: ScrollTo
PageAction: ScrollTo
PageAction: ScrollTo
PageAction: ScrollTo
PageAction: ScrollTo
PageAction: ScrollTo
PageAction: ScrollTo
PageAction: ScrollTo
PageAction: ScrollTo
PageAction: ScrollTo
PageAction: ScrollTo
PageAction: ScrollTo
PageAction: ScrollTo
PageAction: ScrollTo
PageAction: ScrollTo
PageAction: ScrollTo
PageAction: ScrollTo
PageAction: ScrollTo
PageAction: ScrollTo
PageAction: ScrollTo
PageAction: ScrollTo
PageAction: ScrollTo
PageAction: ScrollTo
PageAction: ScrollTo
PageAction: ScrollTo
PageAction: ScrollTo
PageAction: ScrollTo
PageAction: ScrollTo
PageAction: ScrollTo
PageAction: ScrollTo
PageAction: ScrollTo
PageAction: ScrollTo
PageAction: ScrollTo
PageAction: ScrollTo
PageAction: ScrollTo
PageAction: ScrollTo
PageAction: ScrollTo
PageAction: ScrollTo
PageAction: ScrollTo
PageAction: ScrollTo
PageAction: ScrollTo
PageAction: ScrollTo
PageAction: ScrollTo
PageAction: ScrollTo
PageAction: ScrollTo
PageAction: ScrollTo
PageAction: ScrollTo
PageAction: ScrollTo
PageAction: ScrollTo
PageAction: ScrollTo
PageAction: ScrollTo
PageAction: ScrollTo
PageAction: ScrollTo
PageAction: ScrollTo
PageAction: ScrollTo
PageAction: ScrollTo
PageAction: ScrollTo
PageAction: ScrollTo
PageAction: ScrollTo
PageAction: ScrollTo
PageAction: ScrollTo
PageAction: ScrollTo
PageAction: ScrollTo
PageAction: ScrollTo
PageAction: ScrollTo
PageAction: ScrollTo
PageAction: ScrollTo
PageAction: ScrollTo
PageAction: ScrollTo
PageAction: ScrollTo
PageAction: ScrollTo
PageAction: ScrollTo
PageAction: ScrollTo
PageAction: ScrollTo
PageAction: ScrollTo
PageAction: ScrollTo
PageAction: ScrollTo
PageAction: ScrollTo
PageAction: ScrollTo
PageAction: ScrollTo
PageAction: ScrollTo
PageAction: ScrollTo
PageAction: ScrollTo
PageAction: ScrollTo
PageAction: ScrollTo
PageAction: ScrollTo
PageAction: ScrollTo
PageAction: ScrollTo
PageAction: goto "https://the-internet.herokuapp.com/upload"
WebElement[Upload file locator]: upload file upload_image_file
WebElement[Upload button]: click
PageAction: wait for load state "state"
WebElement[File Uploaded! after reload page]: get text content
WebElement[File Uploaded! after reload page]: text content = "File Uploaded!"
WebElement[Name uploaded files]: get text content
WebElement[Name uploaded files]: text content = "upload_image_file"
PageAction: goto "https://the-internet.herokuapp.com/download"
WebElement[link to download files[2]]: get text content
WebElement[link to download files[2]]: text content = "random_data.txt"
WebElement[link to download files[2]]: click
PageAction: goto "https://the-internet.herokuapp.com/dynamic_content"
WebElement[imgs[0]]: get_attribute "src"
WebElement[imgs[0]]: attribute "src" = "/img/forkme_right_green_007200.png"
WebElement[imgs[1]]: get_attribute "src"
WebElement[imgs[1]]: attribute "src" = "/img/avatars/Original-Facebook-Geek-Profile-Avatar-1.jpg"
WebElement[imgs[2]]: get_attribute "src"
WebElement[imgs[2]]: attribute "src" = "/img/avatars/Original-Facebook-Geek-Profile-Avatar-1.jpg"
WebElement[imgs[3]]: get_attribute "src"
WebElement[imgs[3]]: attribute "src" = "/img/avatars/Original-Facebook-Geek-Profile-Avatar-3.jpg"
PageAction: goto "https://the-internet.herokuapp.com/download"
WebElement[link to download files[2]]: get text content
WebElement[link to download files[2]]: text content = "megadyneBladeHero.jpg"
WebElement[link to download files[2]]: click
